ASxxxx Linker V03.00/V05.40 + sdld,  page 1.
Hexadecimal  [32-Bits]

Area                                    Addr        Size        Decimal Bytes (Attributes)
--------------------------------        ----        ----        ------- ----- ------------
CABS                                00000000    00000000 =           0. bytes (ABS,CON,CODE)

      Value  Global                              Global Defined In Module
      -----  --------------------------------   ------------------------
C:   00000000  l_BIT_BANK                      
C:   00000000  l_BSEG                          
C:   00000000  l_BSEG_BYTES                    
C:   00000000  l_CABS                          
C:   00000000  l_CONST                         
C:   00000000  l_GSINIT1                       
C:   00000000  l_GSINIT5                       
C:   00000000  l_IABS                          
C:   00000000  l_PSEG                          
C:   00000000  l_REG_BANK_3                    
C:   00000000  l_RSEG                          
C:   00000000  l_RSEG0                         
C:   00000000  l_XABS                          
C:   00000000  l_XINIT                         
C:   00000000  l_XISEG                         
C:   00000000  l_XSEG                          
C:   00000000  l__CODE                         
C:   00000000  s_BSEG                          
C:   00000000  s_CABS                          
C:   00000000  s_DSEG                          
C:   00000000  s_HOME                          
C:   00000000  s_IABS                          
C:   00000000  s_REG_BANK_0                    
C:   00000000  s_RSEG                          
C:   00000000  s_RSEG0                         
C:   00000000  s_RSEG1                         
C:   00000000  s_XABS                          
C:   00000001  s_PSEG                          
C:   00000001  s_XISEG                         
C:   00000001  s_XSEG                          
C:   00000002  l_RSEG1                         
C:   00000003  l_GSFINAL                       
C:   00000003  l_GSINIT0                       
C:   00000008  l_REG_BANK_0                    
C:   00000008  l_REG_BANK_1                    
C:   00000008  l_REG_BANK_2                    
C:   00000008  s_REG_BANK_1                    
C:   0000000A  l_GSINIT2                       
C:   00000010  s_REG_BANK_2                    
C:   00000012  l_OSEG                          
C:   00000018  s_BIT_BANK                      
C:   00000018  s_REG_BANK_3                    
C:   00000020  s_BSEG_BYTES                    
C:   00000020  s__CODE                         
C:   00000021  l_HOME                          
C:   00000021  s_GSINIT0                       
C:   00000022  l_GSINIT3                       
C:   00000024  s_GSINIT1                       
C:   00000024  s_GSINIT2                       
C:   0000002A  l_GSINIT4                       
ASxxxx Linker V03.00/V05.40 + sdld,  page 2.
Hexadecimal  [32-Bits]

Area                                    Addr        Size        Decimal Bytes (Attributes)
--------------------------------        ----        ----        ------- ----- ------------
CABS                                00000000    00000000 =           0. bytes (ABS,CON,CODE)

      Value  Global                              Global Defined In Module
      -----  --------------------------------   ------------------------
C:   0000002E  s_GSINIT3                       
C:   0000003D  l_ISEG                          
C:   00000050  l_SSEG                          
C:   00000050  s_GSINIT4                       
C:   00000061  s_OSEG                          
C:   00000073  s_ISEG                          
C:   0000007A  s_GSINIT                        
C:   0000007A  s_GSINIT5                       
C:   00000080  l_DSEG                          
C:   00000080  l_GSINIT                        
C:   000000B0  s_SSEG                          
C:   000000FA  s_GSFINAL                       
C:   000000FD  s_CSEG                          
C:   00000100  l_IRAM                          
C:   00000B00  l_CSEG                          
C:   00000BFD  s_CONST                         
C:   00000BFD  s_XINIT                         

ASxxxx Linker V03.00/V05.40 + sdld,  page 3.
Hexadecimal  [32-Bits]

Area                                    Addr        Size        Decimal Bytes (Attributes)
--------------------------------        ----        ----        ------- ----- ------------
RSEG1                               00000000    00000002 =           2. bytes (ABS,CON)

      Value  Global                              Global Defined In Module
      -----  --------------------------------   ------------------------
     00000000  _cal_flag                          Computer
     00000001  _Keypad_flag                       Computer

ASxxxx Linker V03.00/V05.40 + sdld,  page 4.
Hexadecimal  [32-Bits]

Area                                    Addr        Size        Decimal Bytes (Attributes)
--------------------------------        ----        ----        ------- ----- ------------
.  .ABS.                            00000000    00000000 =           0. bytes (ABS,CON)

      Value  Global                              Global Defined In Module
      -----  --------------------------------   ------------------------
     00000000  .__.ABS.                           _startup
     00000080  _P0                                Keypad
     00000080  _P0_0                              Keypad
     00000081  _P0_1                              Keypad
     00000081  _SP                                Keypad
     00000082  _DPL                               Keypad
     00000082  _P0_2                              Keypad
     00000083  _DPH                               Keypad
     00000083  _P0_3                              Keypad
     00000084  _P0_4                              Keypad
     00000085  _P0_5                              Keypad
     00000086  _P0_6                              Keypad
     00000087  _P0_7                              Keypad
     00000087  _PCON                              Keypad
     00000088  _IT0                               Keypad
     00000088  _TCON                              Keypad
     00000089  _IE0                               Keypad
     00000089  _TMOD                              Keypad
     0000008A  _IT1                               Keypad
     0000008A  _TL0                               Keypad
     0000008B  _IE1                               Keypad
     0000008B  _TL1                               Keypad
     0000008C  _TH0                               Keypad
     0000008C  _TR0                               Keypad
     0000008D  _TF0                               Keypad
     0000008D  _TH1                               Keypad
     0000008E  _TR1                               Keypad
     0000008F  _TF1                               Keypad
     00000090  _P1                                Keypad
     00000090  _P1_0                              Keypad
     00000091  _P1_1                              Keypad
     00000092  _P1_2                              Keypad
     00000093  _P1_3                              Keypad
     00000094  _P1_4                              Keypad
     00000095  _P1_5                              Keypad
     00000096  _P1_6                              Keypad
     00000097  _P1_7                              Keypad
     00000098  _RI                                Keypad
     00000098  _SCON                              Keypad
     00000099  _SBUF                              Keypad
     00000099  _TI                                Keypad
     0000009A  _RB8                               Keypad
     0000009B  _TB8                               Keypad
     0000009C  _REN                               Keypad
     0000009D  _SM2                               Keypad
     0000009E  _SM1                               Keypad
     0000009F  _SM0                               Keypad
     000000A0  _P2                                Keypad
     000000A0  _P2_0                              Keypad
     000000A0  __XPAGE                            
ASxxxx Linker V03.00/V05.40 + sdld,  page 5.
Hexadecimal  [32-Bits]

Area                                    Addr        Size        Decimal Bytes (Attributes)
--------------------------------        ----        ----        ------- ----- ------------
.  .ABS.                            00000000    00000000 =           0. bytes (ABS,CON)

      Value  Global                              Global Defined In Module
      -----  --------------------------------   ------------------------
     000000A1  _P2_1                              Keypad
     000000A2  _P2_2                              Keypad
     000000A3  _P2_3                              Keypad
     000000A4  _P2_4                              Keypad
     000000A5  _P2_5                              Keypad
     000000A6  _P2_6                              Keypad
     000000A7  _P2_7                              Keypad
     000000A8  _EX0                               Keypad
     000000A8  _IE                                Keypad
     000000A9  _ET0                               Keypad
     000000AA  _EX1                               Keypad
     000000AB  _ET1                               Keypad
     000000AC  _ES                                Keypad
     000000AF  _EA                                Keypad
     000000B0  _P3                                Keypad
     000000B0  _P3_0                              Keypad
     000000B0  _RXD                               Keypad
     000000B1  _P3_1                              Keypad
     000000B1  _TXD                               Keypad
     000000B2  _INT0                              Keypad
     000000B2  _P3_2                              Keypad
     000000B3  _INT1                              Keypad
     000000B3  _P3_3                              Keypad
     000000B4  _P3_4                              Keypad
     000000B4  _T0                                Keypad
     000000B5  _P3_5                              Keypad
     000000B5  _T1                                Keypad
     000000B6  _P3_6                              Keypad
     000000B6  _WR                                Keypad
     000000B7  _P3_7                              Keypad
     000000B7  _RD                                Keypad
     000000B8  _IP                                Keypad
     000000B8  _PX0                               Keypad
     000000B9  _PT0                               Keypad
     000000BA  _PX1                               Keypad
     000000BB  _PT1                               Keypad
     000000BC  _PS                                Keypad
     000000D0  _P                                 Keypad
     000000D0  _PSW                               Keypad
     000000D1  _F1                                Keypad
     000000D2  _OV                                Keypad
     000000D3  _RS0                               Keypad
     000000D4  _RS1                               Keypad
     000000D5  _F0                                Keypad
     000000D6  _AC                                Keypad
     000000D7  _CY                                Keypad
     000000E0  _ACC                               Keypad
     000000F0  _B                                 Keypad
     000000F5  _B_5                               _gptrget
     000000F6  _B_6                               _gptrget
     000000F7  _B_7                               _gptrget

ASxxxx Linker V03.00/V05.40 + sdld,  page 6.
Hexadecimal  [32-Bits]

Area                                    Addr        Size        Decimal Bytes (Attributes)
--------------------------------        ----        ----        ------- ----- ------------
REG_BANK_0                          00000000    00000008 =           8. bytes (REL,OVR)

      Value  Global                              Global Defined In Module
      -----  --------------------------------   ------------------------
ASxxxx Linker V03.00/V05.40 + sdld,  page 7.
Hexadecimal  [32-Bits]

Area                                    Addr        Size        Decimal Bytes (Attributes)
--------------------------------        ----        ----        ------- ----- ------------
REG_BANK_1                          00000008    00000008 =           8. bytes (REL,OVR)

      Value  Global                              Global Defined In Module
      -----  --------------------------------   ------------------------
ASxxxx Linker V03.00/V05.40 + sdld,  page 8.
Hexadecimal  [32-Bits]

Area                                    Addr        Size        Decimal Bytes (Attributes)
--------------------------------        ----        ----        ------- ----- ------------
REG_BANK_2                          00000010    00000008 =           8. bytes (REL,OVR)

      Value  Global                              Global Defined In Module
      -----  --------------------------------   ------------------------
ASxxxx Linker V03.00/V05.40 + sdld,  page 9.
Hexadecimal  [32-Bits]

Area                                    Addr        Size        Decimal Bytes (Attributes)
--------------------------------        ----        ----        ------- ----- ------------
DSEG                                00000000    00000080 =         128. bytes (REL,CON)

      Value  Global                              Global Defined In Module
      -----  --------------------------------   ------------------------
     00000018  _timer_count                       Computer
     00000019  _number                            Computer
     0000001A  _num1_counter                      Computer
     0000001B  _Update_Expression_PARM_2          Computer
     0000001E  _Update_Expression_PARM_3          Computer
     00000021  _Update_Expression_PARM_4          Computer
     00000024  _Update_Expression_PARM_5          Computer
     0000002D  _Calculate_PARM_2                  Computer
     0000002F  _Calculate_PARM_3                  Computer
     00000030  _Calculate_PARM_4                  Computer
     00000032  _Calculate_PARM_5                  Computer
     00000034  _Calculate_PARM_6                  Computer
     00000039  _control                           Display
     00000041  _numbers                           Display
     00000052  _Show_PARM_2                       Display
     00000056  _Show_Ans_PARM_2                   Display
     0000005B  _Show_History_PARM_2               Display
     0000005C  _Show_History_PARM_3               Display
ASxxxx Linker V03.00/V05.40 + sdld,  page 10.
Hexadecimal  [32-Bits]

Area                                    Addr        Size        Decimal Bytes (Attributes)
--------------------------------        ----        ----        ------- ----- ------------
OSEG                                00000061    00000012 =          18. bytes (REL,OVR)

      Value  Global                              Global Defined In Module
      -----  --------------------------------   ------------------------
     00000061  _Restart_PARM_2                    Computer
     00000061  _SaveNumber_PARM_2                 Computer
     00000061  __divsint_PARM_2                   _divuint
     00000061  __divuint_PARM_2                   _divuint
     00000061  __gptrput_PARM_2                   _gptrput
     00000061  __modsint_PARM_2                   _moduint
     00000061  __moduint_PARM_2                   _moduint
     00000061  __mulint_PARM_2                    _mulint
     00000062  _SaveNumber_PARM_3                 Computer
     00000064  _Restart_PARM_3                    Computer
     00000067  _Restart_PARM_4                    Computer
     0000006A  _Restart_PARM_5                    Computer
     0000006D  _Restart_PARM_6                    Computer
     00000070  _Restart_PARM_7                    Computer

ASxxxx Linker V03.00/V05.40 + sdld,  page 11.
Hexadecimal  [32-Bits]

Area                                    Addr        Size        Decimal Bytes (Attributes)
--------------------------------        ----        ----        ------- ----- ------------
ISEG                                00000073    0000003D =          61. bytes (REL,CON)

      Value  Global                              Global Defined In Module
      -----  --------------------------------   ------------------------
     00000073  _buffer                            Computer
     0000007B  _flag                              Computer
     0000007C  _history                           Computer
     00000086  _history_start                     Computer
     00000090  _Base_num                          Computer
     0000009A  _negative_base                     Computer
     0000009F  _base_index                        Computer
     000000A0  _history_count                     Computer
     000000A1  _start                             Computer
     000000A2  _base_flag                         Computer

ASxxxx Linker V03.00/V05.40 + sdld,  page 12.
Hexadecimal  [32-Bits]

Area                                    Addr        Size        Decimal Bytes (Attributes)
--------------------------------        ----        ----        ------- ----- ------------
SSEG                                000000B0    00000050 =          80. bytes (REL,OVR)

      Value  Global                              Global Defined In Module
      -----  --------------------------------   ------------------------
     000000B0  __start__stack                     Computer

ASxxxx Linker V03.00/V05.40 + sdld,  page 13.
Hexadecimal  [32-Bits]

Area                                    Addr        Size        Decimal Bytes (Attributes)
--------------------------------        ----        ----        ------- ----- ------------
HOME                                00000000    00000021 =          33. bytes (REL,CON,CODE)

      Value  Global                              Global Defined In Module
      -----  --------------------------------   ------------------------
C:   0000001E  __sdcc_program_startup             Computer

ASxxxx Linker V03.00/V05.40 + sdld,  page 14.
Hexadecimal  [32-Bits]

Area                                    Addr        Size        Decimal Bytes (Attributes)
--------------------------------        ----        ----        ------- ----- ------------
GSINIT0                             00000021    00000003 =           3. bytes (REL,CON,CODE)

      Value  Global                              Global Defined In Module
      -----  --------------------------------   ------------------------
C:   00000021  __sdcc_gsinit_startup              

ASxxxx Linker V03.00/V05.40 + sdld,  page 15.
Hexadecimal  [32-Bits]

Area                                    Addr        Size        Decimal Bytes (Attributes)
--------------------------------        ----        ----        ------- ----- ------------
GSINIT2                             00000024    0000000A =          10. bytes (REL,CON,CODE)

      Value  Global                              Global Defined In Module
      -----  --------------------------------   ------------------------
ASxxxx Linker V03.00/V05.40 + sdld,  page 16.
Hexadecimal  [32-Bits]

Area                                    Addr        Size        Decimal Bytes (Attributes)
--------------------------------        ----        ----        ------- ----- ------------
GSINIT3                             0000002E    00000022 =          34. bytes (REL,CON,CODE)

      Value  Global                              Global Defined In Module
      -----  --------------------------------   ------------------------
C:   0000002E  __mcs51_genXINIT                   

ASxxxx Linker V03.00/V05.40 + sdld,  page 17.
Hexadecimal  [32-Bits]

Area                                    Addr        Size        Decimal Bytes (Attributes)
--------------------------------        ----        ----        ------- ----- ------------
GSINIT4                             00000050    0000002A =          42. bytes (REL,CON,CODE)

      Value  Global                              Global Defined In Module
      -----  --------------------------------   ------------------------
C:   00000050  __mcs51_genRAMCLEAR                
C:   00000056  __mcs51_genXRAMCLEAR               

ASxxxx Linker V03.00/V05.40 + sdld,  page 18.
Hexadecimal  [32-Bits]

Area                                    Addr        Size        Decimal Bytes (Attributes)
--------------------------------        ----        ----        ------- ----- ------------
GSINIT                              0000007A    00000080 =         128. bytes (REL,CON,CODE)

      Value  Global                              Global Defined In Module
      -----  --------------------------------   ------------------------
ASxxxx Linker V03.00/V05.40 + sdld,  page 19.
Hexadecimal  [32-Bits]

Area                                    Addr        Size        Decimal Bytes (Attributes)
--------------------------------        ----        ----        ------- ----- ------------
GSFINAL                             000000FA    00000003 =           3. bytes (REL,CON,CODE)

      Value  Global                              Global Defined In Module
      -----  --------------------------------   ------------------------
ASxxxx Linker V03.00/V05.40 + sdld,  page 20.
Hexadecimal  [32-Bits]

Area                                    Addr        Size        Decimal Bytes (Attributes)
--------------------------------        ----        ----        ------- ----- ------------
CSEG                                000000FD    00000B00 =        2816. bytes (REL,CON,CODE)

      Value  Global                              Global Defined In Module
      -----  --------------------------------   ------------------------
C:   000000FD  _Restart                           Computer
C:   0000017E  _SaveNumber                        Computer
C:   000001C7  _Update_Expression                 Computer
C:   00000312  _Calculate                         Computer
C:   000004C8  _Keypad_Debounce_init              Computer
C:   000004CF  _Keypad_Debounce                   Computer
C:   000004EE  _Base_init                         Computer
C:   000004F5  _Base_timer                        Computer
C:   0000050B  _clean                             Computer
C:   00000520  _main                              Computer
C:   00000878  _delay                             Display
C:   0000088A  _Show                              Display
C:   000008FA  _Show_Ans                          Display
C:   00000985  _Show_History                      Display
C:   000009EF  _Counter                           Display
C:   00000A2C  __gptrput                          _gptrput
C:   00000A47  __mulint                           _mulint
C:   00000A47  __mulint_dummy                     _mulint
C:   00000A64  __moduint                          _moduint
C:   00000AB1  __divuint                          _divuint
C:   00000ADA  _ReadKeypad                        Keypad
C:   00000B6F  __gptrget                          _gptrget
C:   00000B8B  __modsint                          _modsint
C:   00000BC1  __divsint                          _divsint
C:   00000BF9  ___sdcc_external_startup           _startup

ASxxxx Linker V03.00/V05.40 + sdld,  page 21.

Files Linked                              [ module(s) ]

Computer.rel                              [  ]


Libraries Linked                          [ object file ]

myIO.lib                                  [ Display.rel ]
C:\Program Files\SDCC\bin\..\lib\small/mcs51.lib
                                          [ crtclear.rel ]
C:\Program Files\SDCC\bin\..\lib\small/mcs51.lib
                                          [ crtxinit.rel ]
C:\Program Files\SDCC\bin\..\lib\small/libsdcc.lib
                                          [ _gptrput.rel ]
C:\Program Files\SDCC\bin\..\lib\small/libint.lib
                                          [ _mulint.rel ]
C:\Program Files\SDCC\bin\..\lib\small/libint.lib
                                          [ _moduint.rel ]
C:\Program Files\SDCC\bin\..\lib\small/mcs51.lib
                                          [ crtxclear.rel ]
C:\Program Files\SDCC\bin\..\lib\small/libint.lib
                                          [ _divuint.rel ]
C:\Program Files\SDCC\bin\..\lib\small/mcs51.lib
                                          [ crtpagesfr.rel ]
myIO.lib                                  [ Keypad.rel ]
C:\Program Files\SDCC\bin\..\lib\small/mcs51.lib
                                          [ crtstart.rel ]
C:\Program Files\SDCC\bin\..\lib\small/libsdcc.lib
                                          [ _gptrget.rel ]
C:\Program Files\SDCC\bin\..\lib\small/libint.lib
                                          [ _modsint.rel ]
C:\Program Files\SDCC\bin\..\lib\small/libint.lib
                                          [ _divsint.rel ]
C:\Program Files\SDCC\bin\..\lib\small/libsdcc.lib
                                          [ _startup.rel ]

ASxxxx Linker V03.00/V05.40 + sdld,  page 22.

User Base Address Definitions

HOME = 0x0000
XSEG = 0x0001
PSEG = 0x0001
ISEG = 0x0000
BSEG = 0x0000

